
==== K=2, amps up to 6, compose T=6, single seed ====
  train conserving carrier (structural) ...
  eval    carrier-blind (leak audit) ...
  train GRU (free-form) ...
  train bolt-on = GRU + count pinned ...
  entrant                               acc%   count%  amp-exact%  amp-IoU%
  conserving carrier (structural)       86.2    100.0       100.0     100.0
    carrier-blind (leak audit)          85.6    100.0        46.7      62.4
  GRU (free-form)                       85.9      0.0         0.0      25.8
  bolt-on = GRU + count pinned          94.8    100.0        46.7      59.8
  >> genuine-learning margin (structural − blind, amp-exact): 53.3 pts

==== K=3, amps up to 7, compose T=6, single seed ====
  train conserving carrier (structural) ...
  eval    carrier-blind (leak audit) ...
  train GRU (free-form) ...
  train bolt-on = GRU + count pinned ...
  entrant                               acc%   count%  amp-exact%  amp-IoU%
  conserving carrier (structural)      100.0    100.0       100.0     100.0
    carrier-blind (leak audit)          84.9    100.0        36.7      55.1
  GRU (free-form)                       88.4      0.0         0.0       2.8
  bolt-on = GRU + count pinned          88.4    100.0         0.0      12.2
  >> genuine-learning margin (structural − blind, amp-exact): 63.3 pts
