Phase 0 path B — multi-seed (K=3, amps<= 7, T=8, 5 seeds, 60 test states)

seed 0: cached, skipping
seed 1: cached, skipping
seed 2:
  seed 2  conserving carrier (structural)  acc 100.0  cons 100.0  amp-exact 100.0  amp-IoU 100.0
  seed 2  carrier-blind (leak audit)       acc  89.1  cons 100.0  amp-exact  35.0  amp-IoU  55.2
  seed 2  GRU (free-form)                  acc  91.1  cons   0.0  amp-exact   0.0  amp-IoU   0.0
  seed 2  LSTM (free-form)                 acc  93.8  cons   8.3  amp-exact   0.0  amp-IoU  16.3
  seed 2  Transformer (free-form)          acc  66.3  cons   0.0  amp-exact   0.0  amp-IoU  20.6
  seed 2  bolt-on = GRU + count pinned     acc  85.7  cons 100.0  amp-exact   0.0  amp-IoU  15.1
seed 3:
  seed 3  conserving carrier (structural)  acc 100.0  cons 100.0  amp-exact 100.0  amp-IoU 100.0
  seed 3  carrier-blind (leak audit)       acc  88.4  cons 100.0  amp-exact  43.3  amp-IoU  60.5
  seed 3  GRU (free-form)                  acc  94.1  cons   0.0  amp-exact   0.0  amp-IoU  28.4
  seed 3  LSTM (free-form)                 acc  93.9  cons   0.0  amp-exact   0.0  amp-IoU  25.8
  seed 3  Transformer (free-form)          acc  85.5  cons   0.0  amp-exact   0.0  amp-IoU  25.8
  seed 3  bolt-on = GRU + count pinned     acc  92.7  cons 100.0  amp-exact   1.7  amp-IoU  29.1
seed 4:
  seed 4  conserving carrier (structural)  acc 100.0  cons 100.0  amp-exact 100.0  amp-IoU 100.0
  seed 4  carrier-blind (leak audit)       acc  89.8  cons 100.0  amp-exact  43.3  amp-IoU  59.9
  seed 4  GRU (free-form)                  acc  91.1  cons   0.0  amp-exact   0.0  amp-IoU   0.0
  seed 4  LSTM (free-form)                 acc  91.1  cons   0.0  amp-exact   0.0  amp-IoU   0.0
  seed 4  Transformer (free-form)          acc  59.2  cons   0.0  amp-exact   0.0  amp-IoU  14.5
  seed 4  bolt-on = GRU + count pinned     acc  86.9  cons 100.0  amp-exact   0.0  amp-IoU  16.5

entrant                                  acc%     count%   amp-exact%    amp-IoU%   (mean±std)
-------------------------------------------------------------------------------------------
conserving carrier (structural)    100.0±0.0  100.0±0.0  100.0±0.0  100.0±0.0 
carrier-blind (leak audit)          88.9±0.5  100.0±0.0   40.0±3.2   57.9±2.3 
GRU (free-form)                     91.7±1.2    0.0±0.0    0.0±0.0    5.9±11.2
LSTM (free-form)                    92.7±1.3    1.7±3.3    0.0±0.0   13.5±11.6
Transformer (free-form)             71.6±10.9   0.0±0.0    0.0±0.0   20.3±3.6 
bolt-on = GRU + count pinned        89.2±2.5  100.0±0.0    0.7±0.8   21.8±5.3 

genuine-learning margin (structural − blind, amp-exact): 60.0 pts
depth: bolt-on count 100% but amp-exact 1%
saved fc_gate_multiseed.json
