Margolus multi-seed: 5 seeds, compose T=L/2, lengths [48, 96, 192, 384]

seed 0:
  seed 0  structural block-CA       [1-step 100.0/100.0]  100.0/100.0  100.0/100.0  100.0/100.0  100.0/100.0
  seed 0  bi-GRU (free-form)        [1-step  98.7/ 61.7]   65.1/ 10.8   64.0/  6.7   61.6/  5.8   60.2/  3.3
  seed 0  bi-LSTM (free-form)       [1-step  98.7/ 60.0]   64.1/  6.7   47.9/  0.0   46.4/  0.0   46.8/  0.0
  seed 0  Transformer (free-form)   [1-step  99.2/ 70.5]   65.4/ 16.7   47.6/  0.0   48.3/  0.0   50.8/  0.0
seed 1:
  seed 1  structural block-CA       [1-step 100.0/100.0]  100.0/100.0  100.0/100.0  100.0/100.0  100.0/100.0
  seed 1  bi-GRU (free-form)        [1-step  98.6/ 58.1]   64.4/  8.3   63.9/  7.5   61.4/  3.3   59.2/  1.7
  seed 1  bi-LSTM (free-form)       [1-step  98.7/ 61.0]   63.7/ 13.3   48.3/  0.0   47.2/  0.0   47.2/  0.0
  seed 1  Transformer (free-form)   [1-step  99.9/ 97.1]   90.7/ 45.8   50.5/  4.2   51.0/  0.8   51.7/  0.0
seed 2:
  seed 2  structural block-CA       [1-step 100.0/100.0]  100.0/100.0  100.0/100.0  100.0/100.0  100.0/100.0
  seed 2  bi-GRU (free-form)        [1-step  98.8/ 61.0]   63.0/  5.0   47.6/  0.0   47.0/  0.0   45.2/  0.0
  seed 2  bi-LSTM (free-form)       [1-step  98.8/ 62.2]   63.5/ 10.0   62.8/  3.3   60.4/  0.0   58.7/  0.0
  seed 2  Transformer (free-form)   [1-step  99.9/ 96.5]   91.7/ 54.2   51.5/  0.8   49.8/  8.3   48.6/  0.0
seed 3:
  seed 3  structural block-CA       [1-step 100.0/100.0]  100.0/100.0  100.0/100.0  100.0/100.0  100.0/100.0
  seed 3  bi-GRU (free-form)        [1-step  98.7/ 59.1]   66.5/  5.0   54.7/  0.0   53.7/  0.0   54.8/  0.0
  seed 3  bi-LSTM (free-form)       [1-step  98.6/ 55.7]   66.5/  7.5   51.6/  1.7   50.1/  1.7   50.9/  2.5
  seed 3  Transformer (free-form)   [1-step  99.8/ 91.4]   84.4/ 30.0   48.5/  0.0   48.6/  0.0   49.4/  0.0
seed 4:
  seed 4  structural block-CA       [1-step 100.0/100.0]  100.0/100.0  100.0/100.0  100.0/100.0  100.0/100.0
  seed 4  bi-GRU (free-form)        [1-step  98.7/ 63.4]   65.2/ 15.0   47.4/  0.0   45.5/  0.0   44.7/  0.0
  seed 4  bi-LSTM (free-form)       [1-step  98.7/ 59.8]   63.6/ 11.7   62.3/  5.0   62.0/  2.5   60.0/  0.8
  seed 4  Transformer (free-form)   [1-step  99.7/ 87.5]   81.3/ 20.8   51.6/  0.8   51.8/  0.8   51.1/  1.7

model                     L=48   L=96   L=192   L=384   (acc% mean±std)
structural block-CA        100±0      100±0      100±0      100±0  
bi-GRU (free-form)          65±1       56±7       54±7       53±7  
bi-LSTM (free-form)         64±1       55±7       53±7       53±6  
Transformer (free-form)     83±9       50±2       50±1       50±1  

model                     L=48   L=96   L=192   L=384   (conserved% mean±std)
structural block-CA        100±0      100±0      100±0      100±0  
bi-GRU (free-form)           9±4        3±3        2±2        1±1  
bi-LSTM (free-form)         10±2        2±2        1±1        1±1  
Transformer (free-form)     34±14       1±2        2±3        0±1  

model                     SINGLE-STEP acc / cons (mean±std)  — free-form learns the step well; composing T∝L is what drifts
structural block-CA       100.0±0.0  / 100.0±0.0 
bi-GRU (free-form)         98.7±0.1  /  60.7±1.9 
bi-LSTM (free-form)        98.7±0.1  /  59.7±2.2 
Transformer (free-form)    99.7±0.3  /  88.6±9.7 

+CONSERVATION bolted onto the SAME free-form model (top-N emit) — cons is forced ~100; does ACCURACY recover?
model                     L=48   L=96   L=192   L=384   (acc% mean±std)   [cons L48→L384]
bi-GRU (free-form)          72±1       58±9       57±7       56±6     [100→100]
bi-LSTM (free-form)         72±2       59±9       57±8       56±7     [100→100]
Transformer (free-form)     93±9       51±0       51±0       51±0     [100→100]
saved 03_accuracy.png
saved 03_conservation.png
saved 03_bolt_on.png
